{
  "llmEventStart": [
    {
      "id": "PRESERVE_0",
      "messages": [
        {
          "role": "user",
          "content": "Hello? Response to me \"Yes\""
        }
      ]
    },
    {
      "id": "PRESERVE_1",
      "messages": [
        {
          "role": "user",
          "content": "Hello? Response to me \"Yes\""
        },
        {
          "content": [
            {
              "type": "text",
              "text": "<thinking>\nThe user has simply asked me to respond with the word \"Yes\". This is a very straightforward request that does not require the use of any tools. I have all the information I need to directly provide the response the user has requested.\n</thinking>\n\nYes"
            }
          ],
          "role": "assistant",
          "options": {}
        },
        {
          "role": "user",
          "content": "Hello? Response to me \"No\""
        }
      ]
    },
    {
      "id": "PRESERVE_2",
      "messages": [
        {
          "role": "user",
          "content": "Hello? Response to me \"Yes\""
        },
        {
          "content": [
            {
              "type": "text",
              "text": "<thinking>\nThe user has simply asked me to respond with the word \"Yes\". This is a very straightforward request that does not require the use of any tools. I have all the information I need to directly provide the response the user has requested.\n</thinking>\n\nYes"
            }
          ],
          "role": "assistant",
          "options": {}
        },
        {
          "role": "user",
          "content": "Hello? Response to me \"No\""
        },
        {
          "content": [
            {
              "type": "text",
              "text": "<thinking>\nThe user has now asked me to respond with the word \"No\" instead of \"Yes\". Once again, this is a very simple and direct request. No additional information or tool usage is needed. I can immediately provide the response the user has requested by simply replying with the word \"No\".\n</thinking>\n\nNo"
            }
          ],
          "role": "assistant",
          "options": {}
        },
        {
          "role": "user",
          "content": "Hello? Response to me \"Maybe\""
        }
      ]
    },
    {
      "id": "PRESERVE_3",
      "messages": [
        {
          "role": "user",
          "content": "Hello? Response to me \"Yes\""
        },
        {
          "content": [
            {
              "type": "text",
              "text": "<thinking>\nThe user has simply asked me to respond with the word \"Yes\". This is a very straightforward request that does not require the use of any tools. I have all the information I need to directly provide the response the user has requested.\n</thinking>\n\nYes"
            }
          ],
          "role": "assistant",
          "options": {}
        },
        {
          "role": "user",
          "content": "Hello? Response to me \"No\""
        },
        {
          "content": [
            {
              "type": "text",
              "text": "<thinking>\nThe user has now asked me to respond with the word \"No\" instead of \"Yes\". Once again, this is a very simple and direct request. No additional information or tool usage is needed. I can immediately provide the response the user has requested by simply replying with the word \"No\".\n</thinking>\n\nNo"
            }
          ],
          "role": "assistant",
          "options": {}
        },
        {
          "role": "user",
          "content": "Hello? Response to me \"Maybe\""
        },
        {
          "content": [
            {
              "type": "text",
              "text": "<thinking>\nThe user has made another simple request, this time asking me to respond with the word \"Maybe\". Just like the previous requests for \"Yes\" and \"No\", I have all the necessary information to fulfill this request without needing to use any tools or gather additional details. I can provide the requested response by replying with only the word \"Maybe\".\n</thinking>\n\nMaybe"
            }
          ],
          "role": "assistant",
          "options": {}
        },
        {
          "role": "user",
          "content": "What is the weather in San Francisco?"
        }
      ]
    },
    {
      "id": "PRESERVE_4",
      "messages": [
        {
          "role": "user",
          "content": "Hello? Response to me \"Yes\""
        },
        {
          "content": [
            {
              "type": "text",
              "text": "<thinking>\nThe user has simply asked me to respond with the word \"Yes\". This is a very straightforward request that does not require the use of any tools. I have all the information I need to directly provide the response the user has requested.\n</thinking>\n\nYes"
            }
          ],
          "role": "assistant",
          "options": {}
        },
        {
          "role": "user",
          "content": "Hello? Response to me \"No\""
        },
        {
          "content": [
            {
              "type": "text",
              "text": "<thinking>\nThe user has now asked me to respond with the word \"No\" instead of \"Yes\". Once again, this is a very simple and direct request. No additional information or tool usage is needed. I can immediately provide the response the user has requested by simply replying with the word \"No\".\n</thinking>\n\nNo"
            }
          ],
          "role": "assistant",
          "options": {}
        },
        {
          "role": "user",
          "content": "Hello? Response to me \"Maybe\""
        },
        {
          "content": [
            {
              "type": "text",
              "text": "<thinking>\nThe user has made another simple request, this time asking me to respond with the word \"Maybe\". Just like the previous requests for \"Yes\" and \"No\", I have all the necessary information to fulfill this request without needing to use any tools or gather additional details. I can provide the requested response by replying with only the word \"Maybe\".\n</thinking>\n\nMaybe"
            }
          ],
          "role": "assistant",
          "options": {}
        },
        {
          "role": "user",
          "content": "What is the weather in San Francisco?"
        },
        {
          "content": [
            {
              "type": "text",
              "text": "<thinking>\nThe user has asked for the current weather in San Francisco. To answer this, I will need to use the getWeather tool.\n\nLooking at the parameters for getWeather, I see it requires a single parameter:\n- city (string): The city to get the weather for \n\nThe user has directly provided the value for the city parameter in their request - they want the weather for San Francisco.\n\nI have all the required information to make the getWeather tool call, so I will proceed with calling the tool with \"San Francisco\" as the city parameter value.\n</thinking>"
            }
          ],
          "role": "assistant",
          "options": {
            "toolCall": [
              {
                "id": "toolu_01Q5tWdx8CTrqUaQty8C1PD5",
                "name": "getWeather",
                "input": {
                  "city": "San Francisco"
                }
              }
            ]
          }
        },
        {
          "content": "The weather in San Francisco is 72 degrees",
          "role": "user",
          "options": {
            "toolResult": {
              "result": "The weather in San Francisco is 72 degrees",
              "isError": false,
              "id": "toolu_01Q5tWdx8CTrqUaQty8C1PD5"
            }
          }
        }
      ]
    },
    {
      "id": "PRESERVE_5",
      "messages": [
        {
          "role": "user",
          "content": "Hello? Response to me \"Yes\""
        },
        {
          "content": [
            {
              "type": "text",
              "text": "<thinking>\nThe user has simply asked me to respond with the word \"Yes\". This is a very straightforward request that does not require the use of any tools. I have all the information I need to directly provide the response the user has requested.\n</thinking>\n\nYes"
            }
          ],
          "role": "assistant",
          "options": {}
        },
        {
          "role": "user",
          "content": "Hello? Response to me \"No\""
        },
        {
          "content": [
            {
              "type": "text",
              "text": "<thinking>\nThe user has now asked me to respond with the word \"No\" instead of \"Yes\". Once again, this is a very simple and direct request. No additional information or tool usage is needed. I can immediately provide the response the user has requested by simply replying with the word \"No\".\n</thinking>\n\nNo"
            }
          ],
          "role": "assistant",
          "options": {}
        },
        {
          "role": "user",
          "content": "Hello? Response to me \"Maybe\""
        },
        {
          "content": [
            {
              "type": "text",
              "text": "<thinking>\nThe user has made another simple request, this time asking me to respond with the word \"Maybe\". Just like the previous requests for \"Yes\" and \"No\", I have all the necessary information to fulfill this request without needing to use any tools or gather additional details. I can provide the requested response by replying with only the word \"Maybe\".\n</thinking>\n\nMaybe"
            }
          ],
          "role": "assistant",
          "options": {}
        },
        {
          "role": "user",
          "content": "What is the weather in San Francisco?"
        },
        {
          "content": [
            {
              "type": "text",
              "text": "<thinking>\nThe user has asked for the current weather in San Francisco. To answer this, I will need to use the getWeather tool.\n\nLooking at the parameters for getWeather, I see it requires a single parameter:\n- city (string): The city to get the weather for \n\nThe user has directly provided the value for the city parameter in their request - they want the weather for San Francisco.\n\nI have all the required information to make the getWeather tool call, so I will proceed with calling the tool with \"San Francisco\" as the city parameter value.\n</thinking>"
            }
          ],
          "role": "assistant",
          "options": {
            "toolCall": [
              {
                "id": "toolu_01Q5tWdx8CTrqUaQty8C1PD5",
                "name": "getWeather",
                "input": {
                  "city": "San Francisco"
                }
              }
            ]
          }
        },
        {
          "content": "The weather in San Francisco is 72 degrees",
          "role": "user",
          "options": {
            "toolResult": {
              "result": "The weather in San Francisco is 72 degrees",
              "isError": false,
              "id": "toolu_01Q5tWdx8CTrqUaQty8C1PD5"
            }
          }
        },
        {
          "content": [
            {
              "type": "text",
              "text": "Based on the result from calling the getWeather tool, the current weather in San Francisco is 72 degrees."
            }
          ],
          "role": "assistant",
          "options": {}
        },
        {
          "role": "user",
          "content": "What is the weather in Shanghai?"
        }
      ]
    },
    {
      "id": "PRESERVE_6",
      "messages": [
        {
          "role": "user",
          "content": "Hello? Response to me \"Yes\""
        },
        {
          "content": [
            {
              "type": "text",
              "text": "<thinking>\nThe user has simply asked me to respond with the word \"Yes\". This is a very straightforward request that does not require the use of any tools. I have all the information I need to directly provide the response the user has requested.\n</thinking>\n\nYes"
            }
          ],
          "role": "assistant",
          "options": {}
        },
        {
          "role": "user",
          "content": "Hello? Response to me \"No\""
        },
        {
          "content": [
            {
              "type": "text",
              "text": "<thinking>\nThe user has now asked me to respond with the word \"No\" instead of \"Yes\". Once again, this is a very simple and direct request. No additional information or tool usage is needed. I can immediately provide the response the user has requested by simply replying with the word \"No\".\n</thinking>\n\nNo"
            }
          ],
          "role": "assistant",
          "options": {}
        },
        {
          "role": "user",
          "content": "Hello? Response to me \"Maybe\""
        },
        {
          "content": [
            {
              "type": "text",
              "text": "<thinking>\nThe user has made another simple request, this time asking me to respond with the word \"Maybe\". Just like the previous requests for \"Yes\" and \"No\", I have all the necessary information to fulfill this request without needing to use any tools or gather additional details. I can provide the requested response by replying with only the word \"Maybe\".\n</thinking>\n\nMaybe"
            }
          ],
          "role": "assistant",
          "options": {}
        },
        {
          "role": "user",
          "content": "What is the weather in San Francisco?"
        },
        {
          "content": [
            {
              "type": "text",
              "text": "<thinking>\nThe user has asked for the current weather in San Francisco. To answer this, I will need to use the getWeather tool.\n\nLooking at the parameters for getWeather, I see it requires a single parameter:\n- city (string): The city to get the weather for \n\nThe user has directly provided the value for the city parameter in their request - they want the weather for San Francisco.\n\nI have all the required information to make the getWeather tool call, so I will proceed with calling the tool with \"San Francisco\" as the city parameter value.\n</thinking>"
            }
          ],
          "role": "assistant",
          "options": {
            "toolCall": [
              {
                "id": "toolu_01Q5tWdx8CTrqUaQty8C1PD5",
                "name": "getWeather",
                "input": {
                  "city": "San Francisco"
                }
              }
            ]
          }
        },
        {
          "content": "The weather in San Francisco is 72 degrees",
          "role": "user",
          "options": {
            "toolResult": {
              "result": "The weather in San Francisco is 72 degrees",
              "isError": false,
              "id": "toolu_01Q5tWdx8CTrqUaQty8C1PD5"
            }
          }
        },
        {
          "content": [
            {
              "type": "text",
              "text": "Based on the result from calling the getWeather tool, the current weather in San Francisco is 72 degrees."
            }
          ],
          "role": "assistant",
          "options": {}
        },
        {
          "role": "user",
          "content": "What is the weather in Shanghai?"
        },
        {
          "content": [
            {
              "type": "text",
              "text": "<thinking>\nThe user has now asked for the current weather in Shanghai. This is very similar to the previous request for San Francisco's weather. I will once again need to use the getWeather tool to answer this.\n\nThe getWeather tool requires the following parameter:\n- city (string): The city to get the weather for\n\nThe user has provided the city they want the weather for directly in their request - in this case, the city is Shanghai.\n\nSince I have the value for the required city parameter, I can go ahead and call the getWeather tool, passing in \"Shanghai\" as the city.\n</thinking>"
            }
          ],
          "role": "assistant",
          "options": {
            "toolCall": [
              {
                "id": "toolu_01HxDqJpm33QxDXAExTxm6zu",
                "name": "getWeather",
                "input": {
                  "city": "Shanghai"
                }
              }
            ]
          }
        },
        {
          "content": "The weather in Shanghai is 72 degrees",
          "role": "user",
          "options": {
            "toolResult": {
              "result": "The weather in Shanghai is 72 degrees",
              "isError": false,
              "id": "toolu_01HxDqJpm33QxDXAExTxm6zu"
            }
          }
        }
      ]
    }
  ],
  "llmEventEnd": [
    {
      "id": "PRESERVE_0",
      "response": {
        "raw": null,
        "message": {
          "content": [
            {
              "type": "text",
              "text": "<thinking>\nThe user has simply asked me to respond with the word \"Yes\". This is a very straightforward request that does not require the use of any tools. I have all the information I need to directly provide the response the user has requested.\n</thinking>\n\nYes"
            }
          ],
          "role": "assistant",
          "options": {}
        }
      }
    },
    {
      "id": "PRESERVE_1",
      "response": {
        "raw": null,
        "message": {
          "content": [
            {
              "type": "text",
              "text": "<thinking>\nThe user has now asked me to respond with the word \"No\" instead of \"Yes\". Once again, this is a very simple and direct request. No additional information or tool usage is needed. I can immediately provide the response the user has requested by simply replying with the word \"No\".\n</thinking>\n\nNo"
            }
          ],
          "role": "assistant",
          "options": {}
        }
      }
    },
    {
      "id": "PRESERVE_2",
      "response": {
        "raw": null,
        "message": {
          "content": [
            {
              "type": "text",
              "text": "<thinking>\nThe user has made another simple request, this time asking me to respond with the word \"Maybe\". Just like the previous requests for \"Yes\" and \"No\", I have all the necessary information to fulfill this request without needing to use any tools or gather additional details. I can provide the requested response by replying with only the word \"Maybe\".\n</thinking>\n\nMaybe"
            }
          ],
          "role": "assistant",
          "options": {}
        }
      }
    },
    {
      "id": "PRESERVE_3",
      "response": {
        "raw": null,
        "message": {
          "content": [
            {
              "type": "text",
              "text": "<thinking>\nThe user has asked for the current weather in San Francisco. To answer this, I will need to use the getWeather tool.\n\nLooking at the parameters for getWeather, I see it requires a single parameter:\n- city (string): The city to get the weather for \n\nThe user has directly provided the value for the city parameter in their request - they want the weather for San Francisco.\n\nI have all the required information to make the getWeather tool call, so I will proceed with calling the tool with \"San Francisco\" as the city parameter value.\n</thinking>"
            }
          ],
          "role": "assistant",
          "options": {
            "toolCall": [
              {
                "id": "toolu_01Q5tWdx8CTrqUaQty8C1PD5",
                "name": "getWeather",
                "input": {
                  "city": "San Francisco"
                }
              }
            ]
          }
        }
      }
    },
    {
      "id": "PRESERVE_4",
      "response": {
        "raw": null,
        "message": {
          "content": [
            {
              "type": "text",
              "text": "Based on the result from calling the getWeather tool, the current weather in San Francisco is 72 degrees."
            }
          ],
          "role": "assistant",
          "options": {}
        }
      }
    },
    {
      "id": "PRESERVE_5",
      "response": {
        "raw": null,
        "message": {
          "content": [
            {
              "type": "text",
              "text": "<thinking>\nThe user has now asked for the current weather in Shanghai. This is very similar to the previous request for San Francisco's weather. I will once again need to use the getWeather tool to answer this.\n\nThe getWeather tool requires the following parameter:\n- city (string): The city to get the weather for\n\nThe user has provided the city they want the weather for directly in their request - in this case, the city is Shanghai.\n\nSince I have the value for the required city parameter, I can go ahead and call the getWeather tool, passing in \"Shanghai\" as the city.\n</thinking>"
            }
          ],
          "role": "assistant",
          "options": {
            "toolCall": [
              {
                "id": "toolu_01HxDqJpm33QxDXAExTxm6zu",
                "name": "getWeather",
                "input": {
                  "city": "Shanghai"
                }
              }
            ]
          }
        }
      }
    },
    {
      "id": "PRESERVE_6",
      "response": {
        "raw": null,
        "message": {
          "content": [
            {
              "type": "text",
              "text": "The getWeather tool indicates that the current weather in Shanghai is 72 degrees."
            }
          ],
          "role": "assistant",
          "options": {}
        }
      }
    }
  ],
  "llmEventStream": []
}