{
  "llmEventStart": [
    {
      "id": "PRESERVE_0",
      "messages": [
        {
          "role": "user",
          "content": "What is the weather in San Francisco?"
        }
      ]
    },
    {
      "id": "PRESERVE_1",
      "messages": [
        {
          "role": "user",
          "content": "What is the weather in San Francisco?"
        },
        {
          "content": [
            {
              "type": "text",
              "text": "<thinking>\nThe Weather tool is relevant to answer this question, as it can provide weather information for a specified location.\n\nThe Weather tool requires a \"location\" parameter. The user has directly provided the location of \"San Francisco\" in their request.\n\nSince the required \"location\" parameter has been provided, we can proceed with calling the Weather tool to get the weather information for San Francisco. No other tools are needed.\n</thinking>"
            }
          ],
          "role": "assistant",
          "options": {
            "toolCall": [
              {
                "id": "toolu_01Y6KpbYCFw4XGtvyXEmeTrB",
                "name": "Weather",
                "input": {
                  "location": "San Francisco"
                }
              }
            ]
          }
        },
        {
          "content": "35 degrees and sunny in San Francisco",
          "role": "user",
          "options": {
            "toolResult": {
              "result": "35 degrees and sunny in San Francisco",
              "isError": false,
              "id": "toolu_01Y6KpbYCFw4XGtvyXEmeTrB"
            }
          }
        }
      ]
    },
    {
      "id": "PRESERVE_2",
      "messages": [
        {
          "role": "user",
          "content": "My name is Alex Yang. What is my unique id?"
        }
      ]
    },
    {
      "id": "PRESERVE_3",
      "messages": [
        {
          "role": "user",
          "content": "My name is Alex Yang. What is my unique id?"
        },
        {
          "content": [
            {
              "type": "text",
              "text": "<thinking>\nThe unique_id tool looks relevant for answering this request, as it can provide a unique identifier for a user given their first and last name. \nThe tool requires two parameters:\n- firstName (string)\n- lastName (string)\nLooking at the user's request, they have provided both their first name (Alex) and last name (Yang). So we have all the required parameters to call the unique_id tool.\n</thinking>"
            }
          ],
          "role": "assistant",
          "options": {
            "toolCall": [
              {
                "id": "toolu_01Q7wYKoNtpGAphTbRSv51fE",
                "name": "unique_id",
                "input": {
                  "firstName": "Alex",
                  "lastName": "Yang"
                }
              }
            ]
          }
        },
        {
          "content": "123456789",
          "role": "user",
          "options": {
            "toolResult": {
              "result": "123456789",
              "isError": false,
              "id": "toolu_01Q7wYKoNtpGAphTbRSv51fE"
            }
          }
        }
      ]
    },
    {
      "id": "PRESERVE_4",
      "messages": [
        {
          "role": "user",
          "content": "how much is 1 + 1?"
        }
      ]
    },
    {
      "id": "PRESERVE_5",
      "messages": [
        {
          "role": "user",
          "content": "how much is 1 + 1?"
        },
        {
          "content": [
            {
              "type": "text",
              "text": "<thinking>\nThe user is asking to sum the numbers 1 and 1. The sumNumbers tool is directly relevant for this request.\n\nLooking at the required parameters for sumNumbers:\na (number): The user provided the value 1 for this\nb (number): The user also provided the value 1 for this\n\nSince the user has directly provided values for all the required parameters, we can proceed with calling the sumNumbers tool without needing any additional information from the user.\n</thinking>"
            }
          ],
          "role": "assistant",
          "options": {
            "toolCall": [
              {
                "id": "toolu_01AxEUd1s1UmhPc6Y91LBSmw",
                "name": "sumNumbers",
                "input": {
                  "a": 1,
                  "b": 1
                }
              }
            ]
          }
        },
        {
          "content": "2",
          "role": "user",
          "options": {
            "toolResult": {
              "result": "2",
              "isError": false,
              "id": "toolu_01AxEUd1s1UmhPc6Y91LBSmw"
            }
          }
        }
      ]
    }
  ],
  "llmEventEnd": [
    {
      "id": "PRESERVE_0",
      "response": {
        "raw": null,
        "message": {
          "content": [
            {
              "type": "text",
              "text": "<thinking>\nThe Weather tool is relevant to answer this question, as it can provide weather information for a specified location.\n\nThe Weather tool requires a \"location\" parameter. The user has directly provided the location of \"San Francisco\" in their request.\n\nSince the required \"location\" parameter has been provided, we can proceed with calling the Weather tool to get the weather information for San Francisco. No other tools are needed.\n</thinking>"
            }
          ],
          "role": "assistant",
          "options": {
            "toolCall": [
              {
                "id": "toolu_01Y6KpbYCFw4XGtvyXEmeTrB",
                "name": "Weather",
                "input": {
                  "location": "San Francisco"
                }
              }
            ]
          }
        }
      }
    },
    {
      "id": "PRESERVE_1",
      "response": {
        "raw": null,
        "message": {
          "content": [
            {
              "type": "text",
              "text": "The current weather in San Francisco is 35 degrees and sunny."
            }
          ],
          "role": "assistant",
          "options": {}
        }
      }
    },
    {
      "id": "PRESERVE_2",
      "response": {
        "raw": null,
        "message": {
          "content": [
            {
              "type": "text",
              "text": "<thinking>\nThe unique_id tool looks relevant for answering this request, as it can provide a unique identifier for a user given their first and last name. \nThe tool requires two parameters:\n- firstName (string)\n- lastName (string)\nLooking at the user's request, they have provided both their first name (Alex) and last name (Yang). So we have all the required parameters to call the unique_id tool.\n</thinking>"
            }
          ],
          "role": "assistant",
          "options": {
            "toolCall": [
              {
                "id": "toolu_01Q7wYKoNtpGAphTbRSv51fE",
                "name": "unique_id",
                "input": {
                  "firstName": "Alex",
                  "lastName": "Yang"
                }
              }
            ]
          }
        }
      }
    },
    {
      "id": "PRESERVE_3",
      "response": {
        "raw": null,
        "message": {
          "content": [
            {
              "type": "text",
              "text": "Your unique ID is 123456789."
            }
          ],
          "role": "assistant",
          "options": {}
        }
      }
    },
    {
      "id": "PRESERVE_4",
      "response": {
        "raw": null,
        "message": {
          "content": [
            {
              "type": "text",
              "text": "<thinking>\nThe user is asking to sum the numbers 1 and 1. The sumNumbers tool is directly relevant for this request.\n\nLooking at the required parameters for sumNumbers:\na (number): The user provided the value 1 for this\nb (number): The user also provided the value 1 for this\n\nSince the user has directly provided values for all the required parameters, we can proceed with calling the sumNumbers tool without needing any additional information from the user.\n</thinking>"
            }
          ],
          "role": "assistant",
          "options": {
            "toolCall": [
              {
                "id": "toolu_01AxEUd1s1UmhPc6Y91LBSmw",
                "name": "sumNumbers",
                "input": {
                  "a": 1,
                  "b": 1
                }
              }
            ]
          }
        }
      }
    },
    {
      "id": "PRESERVE_5",
      "response": {
        "raw": null,
        "message": {
          "content": [
            {
              "type": "text",
              "text": "So 1 + 1 = 2"
            }
          ],
          "role": "assistant",
          "options": {}
        }
      }
    }
  ],
  "llmEventStream": []
}